<?xml version="1.0" encoding="UTF-8"?>
<TestRun id="b40dc0ab-1678-4baa-800c-51c0bcccb572" name="erose@DT-DELL4H5VKM1 2011-09-19 12:51:50" runUser="AM\erose" xmlns="http://microsoft.com/schemas/VisualStudio/TeamTest/2010">
  <TestSettings name="Local" id="9bb6973f-d741-490d-8247-3a7020e874ae">
    <Description>These are default test settings for a local test run.</Description>
    <Deployment enabled="false" runDeploymentRoot="erose_DT-DELL4H5VKM1 2011-09-19 12_51_50">
      <DeploymentItem filename="c:\users\erose\documents\visual studio 2010\Projects\ClassLibrary1\ClassLibrary1\bin\Debug\TestDll.dll" />
    </Deployment>
    <Execution>
      <TestTypeSpecific />
      <AgentRule name="Execution Agents">
      </AgentRule>
    </Execution>
  </TestSettings>
  <Times creation="2011-09-19T12:51:50.0060741-04:00" queuing="2011-09-19T12:51:50.0180753-04:00" start="2011-09-19T12:51:50.0380773-04:00" finish="2011-09-19T12:51:50.4661201-04:00" />
  <ResultSummary outcome="Failed">
    <Counters total="1" executed="1" error="0" failed="1" timeout="0" aborted="0" inconclusive="0" passedButRunAborted="0" notRunnable="0" notExecuted="0" disconnected="0" warning="0" passed="0" completed="0" inProgress="0" pending="0" />
  </ResultSummary>
  <TestDefinitions>
    <UnitTest name="TestMethod1" storage="c:\users\erose\documents\visual studio 2010\projects\classlibrary1\testproject1\bin\debug\testproject1.dll" id="59863143-3238-122e-4d8a-637b491cc755">
      <Execution id="08a8fab7-9fe9-4766-8788-805d4ab4df20" />
      <TestMethod codeBase="c:/users/erose/documents/visual studio 2010/Projects/ClassLibrary1/TestProject1/bin/Debug/TestProject1.DLL" adapterTypeName="Microsoft.VisualStudio.TestTools.TestTypes.Unit.UnitTestAdapter, Microsoft.VisualStudio.QualityTools.Tips.UnitTest.Adapter, Version=10.0.0.0, Culture=neutral, PublicKeyToken=b03f5f7f11d50a3a" className="TestProject1.UnitTest1, TestProject1, Version=1.0.0.0, Culture=neutral, PublicKeyToken=null" name="TestMethod1" />
    </UnitTest>
  </TestDefinitions>
  <TestLists>
    <TestList name="Results Not in a List" id="8c84fa94-04c1-424b-9868-57a2d4851a1d" />
    <TestList name="All Loaded Results" id="19431567-8539-422a-85d7-44ee4e166bda" />
  </TestLists>
  <TestEntries>
    <TestEntry testId="59863143-3238-122e-4d8a-637b491cc755" executionId="08a8fab7-9fe9-4766-8788-805d4ab4df20" testListId="8c84fa94-04c1-424b-9868-57a2d4851a1d" />
  </TestEntries>
  <Results>
    <UnitTestResult executionId="08a8fab7-9fe9-4766-8788-805d4ab4df20" testId="59863143-3238-122e-4d8a-637b491cc755" testName="TestMethod1" computerName="DT-DELL4H5VKM1" duration="00:00:00.1193301" startTime="2011-09-19T12:51:50.0990834-04:00" endTime="2011-09-19T12:51:50.4321167-04:00" testType="13cdc9d9-ddb5-4fa4-a97d-d965ccfc6d4b" outcome="Failed" testListId="8c84fa94-04c1-424b-9868-57a2d4851a1d" relativeResultsDirectory="08a8fab7-9fe9-4766-8788-805d4ab4df20">
      <Output>
        <ErrorInfo>
          <Message>Assert.IsTrue failed. </Message>
          <StackTrace>   at TestProject1.UnitTest1.TestMethod1() in c:\users\erose\documents\visual studio 2010\Projects\ClassLibrary1\TestProject1\UnitTest1.cs:line 19
</StackTrace>
        </ErrorInfo>
      </Output>
    </UnitTestResult>
  </Results>
</TestRun>