<?xml version="1.0" encoding="UTF-8"?>
<TestRun id="5558906a-4c0a-4592-9343-59787d3eeac7" name="erose@DT-DELL4H5VKM1 2011-09-20 15:47:57" runUser="AM\erose" xmlns="http://microsoft.com/schemas/VisualStudio/TeamTest/2010">
  <TestSettings name="Local" id="9bb6973f-d741-490d-8247-3a7020e874ae">
    <Description>These are default test settings for a local test run.</Description>
    <Deployment enabled="false" runDeploymentRoot="erose_DT-DELL4H5VKM1 2011-09-20 15_47_57">
      <DeploymentItem filename="c:\users\erose\documents\visual studio 2010\Projects\ClassLibrary1\ClassLibrary1\bin\Debug\TestDll.dll" />
    </Deployment>
    <Execution>
      <TestTypeSpecific />
      <AgentRule name="Execution Agents">
      </AgentRule>
    </Execution>
  </TestSettings>
  <Times creation="2011-09-20T15:47:57.7263917-04:00" queuing="2011-09-20T15:48:01.4153917-04:00" start="2011-09-20T15:48:01.8263917-04:00" finish="2011-09-20T16:30:43.9883917-04:00" />
  <ResultSummary outcome="Error">
    <Counters total="2" executed="2" passed="1" error="0" failed="0" timeout="0" aborted="1" inconclusive="0" passedButRunAborted="0" notRunnable="0" notExecuted="0" disconnected="0" warning="0" completed="0" inProgress="0" pending="0" />
    <RunInfos>
      <RunInfo computerName="DT-DELL4H5VKM1" outcome="Error" timestamp="2011-09-20T16:30:43.9133917-04:00">
        <Text>Test host process exited unexpectedly.</Text>
      </RunInfo>
    </RunInfos>
  </ResultSummary>
  <TestDefinitions>
    <UnitTest name="TestShouldPass" storage="c:\users\erose\documents\visual studio 2010\projects\classlibrary1\testproject1\bin\debug\testproject1.dll" id="3173bded-40be-4a2f-5dad-f66f9323782c">
      <Execution id="090a7326-2dee-4eda-b84b-9c26a9859612" />
      <TestMethod codeBase="C:/Users/erose/Documents/Visual Studio 2010/Projects/ClassLibrary1/TestProject1/bin/Debug/TestProject1.DLL" adapterTypeName="Microsoft.VisualStudio.TestTools.TestTypes.Unit.UnitTestAdapter, Microsoft.VisualStudio.QualityTools.Tips.UnitTest.Adapter, Version=10.0.0.0, Culture=neutral, PublicKeyToken=b03f5f7f11d50a3a" className="TestProject1.UnitTest1, TestProject1, Version=1.0.0.0, Culture=neutral, PublicKeyToken=null" name="TestShouldPass" />
    </UnitTest>
    <UnitTest name="TestShouldFail" storage="c:\users\erose\documents\visual studio 2010\projects\classlibrary1\testproject1\bin\debug\testproject1.dll" id="4fd65194-9063-b360-c11e-82c5f4993f7c">
      <Execution id="e24d8a93-80ea-4ebe-9d81-95e629f7f2a1" />
      <TestMethod codeBase="C:/Users/erose/Documents/Visual Studio 2010/Projects/ClassLibrary1/TestProject1/bin/Debug/TestProject1.DLL" adapterTypeName="Microsoft.VisualStudio.TestTools.TestTypes.Unit.UnitTestAdapter, Microsoft.VisualStudio.QualityTools.Tips.UnitTest.Adapter, Version=10.0.0.0, Culture=neutral, PublicKeyToken=b03f5f7f11d50a3a" className="TestProject1.UnitTest1, TestProject1, Version=1.0.0.0, Culture=neutral, PublicKeyToken=null" name="TestShouldFail" />
    </UnitTest>
  </TestDefinitions>
  <TestLists>
    <TestList name="Results Not in a List" id="8c84fa94-04c1-424b-9868-57a2d4851a1d" />
    <TestList name="All Loaded Results" id="19431567-8539-422a-85d7-44ee4e166bda" />
  </TestLists>
  <TestEntries>
    <TestEntry testId="3173bded-40be-4a2f-5dad-f66f9323782c" executionId="090a7326-2dee-4eda-b84b-9c26a9859612" testListId="8c84fa94-04c1-424b-9868-57a2d4851a1d" />
    <TestEntry testId="4fd65194-9063-b360-c11e-82c5f4993f7c" executionId="e24d8a93-80ea-4ebe-9d81-95e629f7f2a1" testListId="8c84fa94-04c1-424b-9868-57a2d4851a1d" />
  </TestEntries>
  <Results>
    <UnitTestResult executionId="090a7326-2dee-4eda-b84b-9c26a9859612" testId="3173bded-40be-4a2f-5dad-f66f9323782c" testName="TestShouldPass" computerName="DT-DELL4H5VKM1" duration="00:00:00.0323680" startTime="2011-09-20T15:48:01.9703917-04:00" endTime="2011-09-20T15:48:02.9513917-04:00" testType="13cdc9d9-ddb5-4fa4-a97d-d965ccfc6d4b" outcome="Passed" testListId="8c84fa94-04c1-424b-9868-57a2d4851a1d" relativeResultsDirectory="090a7326-2dee-4eda-b84b-9c26a9859612">
    </UnitTestResult>
    <UnitTestResult executionId="e24d8a93-80ea-4ebe-9d81-95e629f7f2a1" testId="4fd65194-9063-b360-c11e-82c5f4993f7c" testName="TestShouldFail" computerName="DT-DELL4H5VKM1" duration="00:42:40.9520000" startTime="2011-09-20T15:48:02.9693917-04:00" endTime="2011-09-20T16:30:43.9213917-04:00" testType="13cdc9d9-ddb5-4fa4-a97d-d965ccfc6d4b" outcome="Aborted" testListId="8c84fa94-04c1-424b-9868-57a2d4851a1d" relativeResultsDirectory="e24d8a93-80ea-4ebe-9d81-95e629f7f2a1">
    </UnitTestResult>
  </Results>
</TestRun>